// Jest Snapshot v1, https://goo.gl/fbAQLP

exports[`<ResetPassword/> should render without crashing 1`] = `
<Route
  render={[Function]}
/>
`;
