// Jest Snapshot v1, https://goo.gl/fbAQLP

exports[`DUMB <SearchBar/> should render without crashing 1`] = `
<section
  id="search-section"
>
  <div
    id="last-time-saved"
  >
    <p>
      Last saved at: 
    </p>
  </div>
  <form>
    <div
      className="input-group"
    >
      <Field
        autoComplete="false"
        autoFocus="true"
        component="input"
        id="upcInput"
        name="upc"
        onChange={[Function]}
        placeholder="UPC"
        type="number"
      />
    </div>
  </form>
  <div
    id="last-item-scanned"
  >
    <p>
      Last item scanned
    </p>
    <p
      className="upc"
    >
      UPC: 
      123456789632
    </p>
  </div>
</section>
`;
