// Jest Snapshot v1, https://goo.gl/fbAQLP

exports[`<VerifyEmail/> should render without crashing 1`] = `
<Route
  render={[Function]}
/>
`;
