// Jest Snapshot v1, https://goo.gl/fbAQLP

exports[`Input component should render 1`] = `
<React.Fragment>
  <label
    htmlFor="1234"
  >
    test
  </label>
  <input
    autoComplete="off"
    id="1234"
  />
  <span
    className="error-span"
  />
</React.Fragment>
`;
