// Jest Snapshot v1, https://goo.gl/fbAQLP

exports[`DUMB <Login/> should render without crashing 1`] = `
<section
  id="login-wrapper"
>
  <LoadingIndicator
    message="Signing you in now. Please wait."
    waiting={false}
  />
  <div
    className="show"
    id="login-card"
  >
    <h1>
      Sign In
    </h1>
    <Form
      handleSubmitCb={[Function]}
    >
      <div
        className="input-wrapper"
      >
        <Input
          autoComplete="off"
          inputRef={
            Object {
              "current": null,
            }
          }
          label="Employee Number"
          name="employeeNumberInput"
          type="text"
          validateFn={[Function]}
          validationCb={[Function]}
        />
        <span
          className="focus-border"
        />
      </div>
      <div
        className="input-wrapper"
      >
        <Input
          autoComplete="off"
          inputRef={
            Object {
              "current": null,
            }
          }
          label="Password"
          name="passwordInput"
          type="password"
          validateFn={[Function]}
          validationCb={[Function]}
        />
        <span
          className="focus-border"
        />
      </div>
      <button
        disabled={true}
        type="submit"
      >
        Login
      </button>
    </Form>
    <Link
      replace={false}
      to="/forgot-password"
    >
      Forgot password?
    </Link>
    <Link
      replace={false}
      to="/sign-up"
    >
      Sign Up
    </Link>
    <p>
      Just testing? Use the temporary credentials below.
    </p>
  </div>
  <div
    className="test-credentials"
  >
    <p>
      <span>
        Employee Number
      </span>
      : a1
    </p>
    <p>
      <span>
        Password
      </span>
      : testtesttest
    </p>
  </div>
</section>
`;
