// Jest Snapshot v1, https://goo.gl/fbAQLP

exports[`<DashboardHeader/> should render without crashing 1`] = `
<header
  id="dashboard-header"
>
  <h1>
    Quantified Dashboard
  </h1>
  <h2>
    Hello, 
    testFirst testLast
  </h2>
  <Link
    replace={false}
    to="/logout"
  >
    <button>
      <img
        alt=""
        src="test-file-stub"
      />
      <p>
        Sign out
      </p>
    </button>
  </Link>
</header>
`;
