// Jest Snapshot v1, https://goo.gl/fbAQLP

exports[`<LandingPage/> should render without crashing 1`] = `
<div>
  <section
    className="h-screen w-screen text-black"
  >
    <div
      className="w-full absolute pin-t z-10 flex justify-center md:justify-end"
    >
      <Link
        replace={false}
        to="/sign-up"
      >
        <button
          className="z-10 font-semibold rounded-full px-8 py-2 leading-normal bg-transparent border border-grey text-grey hover:border-bby-blue hover:bg-bby-blue hover:text-white m-6 trans-300ms-all"
        >
          Sign Up
        </button>
      </Link>
      <Link
        replace={false}
        to="/sign-in"
      >
        <button
          className="z-10 font-semibold rounded-full px-8 py-2 leading-normal bg-transparent border border-grey text-grey hover:border-bby-blue hover:bg-bby-blue hover:text-white m-6 trans-300ms-all"
        >
          Sign In
        </button>
      </Link>
    </div>
    <div
      className="hero-img h-screen w-screen absolute pin"
    />
    <div
      className="kinda-center z-10 w-full"
    >
      <h1
        className="text-white italic text-center leading-none whitespace-no-wrap text-5xl md:text-massive tracking-wide mb-2"
      >
        Quantified
      </h1>
      <h2
        className="text-white italic text-center leading-none text-2xl font-thin"
      >
        A streamlined system for efficiently and accurately managing retail inventory.
      </h2>
    </div>
  </section>
  <section
    className="bg-bby-blue"
    id="how-section"
  >
    <h2
      className="text-4xl pt-6 text-white text-center"
    >
      features
    </h2>
    <div
      className="card-container flex flex-wrap justify-center lp-max-width m-auto"
    >
      <div
        className="flex flex-col items-center justify-center m-8 bg-grey rounded how-card-cont"
      >
        <svg
          height="100%"
          viewBox="0 0 100 100"
          width="100%"
        >
          <g>
            <path
              d="M82.8,28.1c-2.9-4.9-10.9-6-21.1-3.6c-3-9.9-8-16.2-13.7-16.2s-10.7,6.3-13.7,16.2c-10.2-2.3-18.2-1.2-21.1,3.6 c-1.2,2.1-1.4,4.5-0.7,7.4c1,3.8,3.9,8.2,8,12.5c-4.2,4.3-7,8.7-8,12.5c-0.8,2.9-0.5,5.3,0.7,7.4c1.9,3.3,6.1,4.9,11.7,4.9 c2.8,0,6-0.4,9.4-1.2c3,9.9,8,16.2,13.7,16.2s10.7-6.3,13.7-16.2c3.4,0.8,6.6,1.2,9.4,1.2c5.6,0,9.8-1.6,11.7-4.9 c1.2-2.1,1.4-4.5,0.7-7.4c-1-3.8-3.9-8.2-8-12.5c4.2-4.3,7-8.7,8-12.5C84.3,32.6,84.1,30.1,82.8,28.1z M48,11.7 c4.3,0,7.9,5.7,10.3,13.6c-3.3,1-6.8,2.3-10.3,3.8c-3.6-1.6-7-2.9-10.3-3.8C40.1,17.3,43.7,11.7,48,11.7z M61.5,48 c0,2.5-0.1,5-0.3,7.5c-2,1.4-4.2,2.7-6.4,4c-2.2,1.2-4.4,2.4-6.8,3.5c-2.3-1-4.6-2.3-6.8-3.5c-2.3-1.3-4.3-2.6-6.4-4 c-0.3-2.5-0.3-5-0.3-7.5c0-2.5,0.1-5,0.3-7.5c2-1.4,4.2-2.7,6.4-4c2.2-1.2,4.4-2.4,6.8-3.5c2.3,1,4.6,2.3,6.8,3.5 c2.3,1.3,4.3,2.6,6.4,4C61.4,43,61.5,45.5,61.5,48z M64.9,43.1c2.1,1.6,4,3.2,5.7,4.9c-1.7,1.7-3.6,3.3-5.7,4.9 c0.1-1.6,0.1-3.2,0.1-4.9C64.9,46.3,64.9,44.7,64.9,43.1z M60.6,60c-0.3,2.5-0.8,5-1.4,7.2c-2.3-0.7-4.6-1.5-7-2.4 c1.4-0.7,2.8-1.5,4.3-2.3C57.9,61.7,59.3,60.9,60.6,60z M43.7,64.8c-2.3,1-4.7,1.7-7,2.4c-0.5-2.3-1-4.8-1.4-7.2 c1.4,0.9,2.7,1.7,4.2,2.5C41,63.4,42.4,64.1,43.7,64.8z M31.1,52.9c-2.1-1.6-4-3.2-5.7-4.9c1.7-1.7,3.6-3.3,5.7-4.9 c-0.1,1.6-0.1,3.2-0.1,4.9C31.1,49.7,31.1,51.3,31.1,52.9z M35.4,36c0.3-2.5,0.8-5,1.4-7.2c2.3,0.7,4.6,1.5,7,2.4 c-1.4,0.7-2.8,1.5-4.3,2.3C38.1,34.3,36.7,35.1,35.4,36z M56.4,33.5c-1.4-0.8-2.8-1.6-4.3-2.3c2.3-1,4.7-1.7,7-2.4 c0.5,2.3,1,4.8,1.4,7.2C59.3,35.1,57.9,34.3,56.4,33.5z M16.1,29.8c1.3-2.3,4.3-3.2,8.3-3.2c2.6,0,5.6,0.4,8.9,1.2 c-0.8,3.3-1.4,6.9-1.8,10.8c-3.2,2.3-6.1,4.6-8.6,7c-3.6-3.9-6.2-7.7-7.1-10.9C15.3,32.6,15.4,31.1,16.1,29.8z M16.1,66.2 c-0.7-1.2-0.8-2.8-0.3-4.8c0.9-3.3,3.4-7.1,7.1-10.9c2.5,2.3,5.4,4.7,8.6,7c0.3,3.8,1,7.5,1.8,10.8C25.1,70.2,18.3,69.9,16.1,66.2z M48,84.3c-4.3,0-7.9-5.7-10.3-13.6c3.3-1,6.8-2.3,10.3-3.8c3.6,1.6,7,2.9,10.3,3.8C55.9,78.7,52.3,84.3,48,84.3z M79.9,66.2 c-2.2,3.7-8.9,3.9-17.2,2c0.8-3.3,1.4-6.9,1.8-10.8c3.2-2.3,6.1-4.6,8.6-7c3.6,3.9,6.2,7.7,7.1,10.9C80.7,63.4,80.6,64.9,79.9,66.2 z M80.1,34.6c-0.9,3.3-3.4,7.1-7.1,10.9c-2.5-2.3-5.4-4.7-8.6-7c-0.3-3.8-1-7.5-1.8-10.8c3.3-0.8,6.3-1.2,8.9-1.2c4,0,7,1,8.3,3.2 C80.6,31.1,80.7,32.6,80.1,34.6z"
            />
            <path
              d="M48,41.5c-3.8,0-7,3-7,6.5s3.1,6.5,7,6.5s7-3,7-6.5S51.8,41.5,48,41.5z M48,51c-1.9,0-3.5-1.4-3.5-3s1.6-3,3.5-3 s3.5,1.4,3.5,3S49.9,51,48,51z"
            />
          </g>
        </svg>
        <h3
          className="text-center grey"
        >
          Simple
        </h3>
        <p
          className="text-center"
        >
          and powerful
        </p>
      </div>
      <div
        className="flex flex-col items-center justify-center m-8 bg-grey rounded how-card-cont"
      >
        <svg
          fill="#000"
          height="100%"
          viewBox="0 0 100 100"
          width="100%"
        >
          <path
            d="M73.76 31.69l10.73 20.42s-1.18 2.62-3.95 5.6c-2.01 2.15-4.62 4.02-4.62 4.02L56.17 39.82s-.82-.9-2.16-1.05c-.99-.1-2.83.6-2.83.6L40 45.47s-2.61 1.83-4.47-.81c-1.8-2.53 1.41-4.77 1.41-4.77S47 31.62 53.64 28.56c3.3-1.52 6.33-.97 8.42.15s5.44 3.47 7.08 4.1c1.93.74 4.62-1.12 4.62-1.12zm20.59 16.6L82.52 26.22a1.2 1.2 0 0 0-1.62-.48l-4.57 2.41a1.2 1.2 0 0 0-.49 1.62l11.84 22.06c.31.58 1.03.8 1.61.5l4.58-2.43c.58-.3.8-1.03.48-1.61zm-4.57.28a1.67 1.67 0 1 1 0-3.35 1.67 1.67 0 0 1 0 3.35z"
          />
          <path
            d="M26.31 60.46c-.07-.04-1.8-.99-4.82-3.71a30.55 30.55 0 0 1-3.76-4.48 1.2 1.2 0 0 1-.07-1.24l10.63-19.98a1.2 1.2 0 0 1 1.48-.55s.57.21 1.88.47c1.35.25 2.39-.05 4.11-.56l1.08-.31c1-.29 2.05-.87 3.16-1.49 1.3-.73 2.66-1.49 4.17-1.88a5.36 5.36 0 0 1 5.4 1.68l-1.85 1.5a2.99 2.99 0 0 0-2.95-.87c-1.22.32-2.43 1-3.61 1.65-1.18.66-2.4 1.34-3.67 1.7l-1.05.3c-1.86.55-3.32.99-5.24.62-.51-.1-.93-.2-1.26-.28L20.1 51.5c.63.86 1.87 2.48 2.97 3.47 2.82 2.54 4.36 3.39 4.37 3.4l-1.14 2.1zM59 78.5a4.13 4.13 0 0 1-2.64-.99l.8-.88.8-.9c.3.27 1.44 1 2.97-.77 1.56-1.82.36-3.7.35-3.71l2-1.31a5.53 5.53 0 0 1-.54 6.57c-1.06 1.23-2.24 1.9-3.5 1.97l-.24.01z"
          />
          <path
            d="M66.15 73.6a6.12 6.12 0 0 1-2.58-.66c-1.13-.52-2.87-2.36-3.2-2.73a1.2 1.2 0 0 1 1.74-1.62c.82.89 2 1.97 2.46 2.19 1.08.5 2.07.81 3.3-.37 1.5-1.46.2-3.42-.02-3.75l-6.88-7.32a1.2 1.2 0 1 1 1.73-1.64l6.93 7.38.09.1c1.02 1.35 2.29 4.53-.2 6.94a4.74 4.74 0 0 1-3.37 1.49z"
          />
          <path
            d="M73.4 69.65a5.74 5.74 0 0 1-3.82-1.47l-3.66-3.6 1.67-1.7 3.65 3.58c.17.15 1.84 1.6 4.08.21.93-.57 1.5-1.2 1.64-1.83.14-.62-.16-1.1-.17-1.11l1.97-1.34c.1.13.87 1.3.54 2.9-.27 1.32-1.2 2.46-2.73 3.41-1.11.7-2.19.95-3.16.95zm-41.1-4.32a3.1 3.1 0 0 1-4.38-4.37l1.47-1.48a3.1 3.1 0 1 1 4.37 4.37l-1.47 1.48zm6.03 4.97a3.1 3.1 0 0 1-4.37-4.37l4.84-4.85a3.1 3.1 0 1 1 4.37 4.37l-4.84 4.85zm6.93 4.72a3.1 3.1 0 0 1-4.37-4.38l6.15-6.15a3.1 3.1 0 0 1 4.37 4.38l-6.15 6.15zM52.44 79a3.1 3.1 0 1 1-4.38-4.37l3.21-3.22a3.1 3.1 0 0 1 4.37 4.37L52.45 79z"
          />
          <circle
            cx="11.15"
            cy="47.15"
            r="1.68"
          />
          <path
            d="M19.22 27.35c.2 0 .39.05.57.14l2.92 1.65c.58.3.8 1.03.49 1.61L12.96 50.14a1.2 1.2 0 0 1-1.61.48l-2.92-1.64a1.2 1.2 0 0 1-.49-1.62l10.23-19.38c.22-.4.63-.63 1.05-.63m0-2.38c-1.32 0-2.52.72-3.15 1.88v.02L5.83 46.24a3.56 3.56 0 0 0 1.43 4.82l2.91 1.64.02.01.02.01a3.57 3.57 0 0 0 4.85-1.45v-.02L25.3 31.87a3.58 3.58 0 0 0-1.43-4.82l-2.92-1.64h-.01l-.02-.02a3.6 3.6 0 0 0-1.7-.42zm43.36 47.01c-.32 0-.64-.12-.87-.37l-6.93-7.38a1.2 1.2 0 0 1 1.74-1.63l6.93 7.38a1.19 1.19 0 0 1-.87 2z"
          />
        </svg>
        <h3
          className="text-center grey"
        >
          Reliable
        </h3>
        <p
          className="text-center"
        >
          there when you need it
        </p>
      </div>
      <div
        className="flex flex-col items-center justify-center m-8 bg-grey rounded how-card-cont"
      >
        <svg
          fill="#000"
          height="100%"
          viewBox="0 0 100 100"
          width="100%"
        >
          <path
            d="M50 11.8l1.8 1.5S55 16 60.6 19a60 60 0 0 0 22 7l2.4.3.1 2.4a73 73 0 0 1-13.5 42.5 55.7 55.7 0 0 1-20.4 16.5l-1.2.6-1.2-.6c-8.2-4-15-9.5-20.4-16.5a73 73 0 0 1-13.5-42.5v-2.4l2.5-.2a64 64 0 0 0 22-7c5.5-3 8.8-5.8 8.8-5.8l1.8-1.6m0-3a3 3 0 0 0-2 .8L46.4 11S43 13.6 38 16.4A57.3 57.3 0 0 1 17 23l-2.3.3a3 3 0 0 0-2.7 2.8l-.1 2.4c0 .5-.5 11.2 3.6 24a59.7 59.7 0 0 0 32 37.9l1.2.6a3 3 0 0 0 2.6 0l1.2-.6C61 86.3 68.3 80.4 74 73c4.5-5.9 8-12.7 10.5-20.3 4-12.9 3.7-23.6 3.6-24v-2.5a3 3 0 0 0-2.8-2.8L83 23a57.3 57.3 0 0 1-21-6.7c-5-2.8-8.2-5.4-8.3-5.4L52 9.5a3 3 0 0 0-1.9-.7z"
          />
          <path
            d="M63.1 35.4l5.9 5.8-23.4 23.4-5.8-5.8L31 50l5.9-5.8 8.7 8.7 17.5-17.5m0-3a3 3 0 0 0-2.1.9L45.6 48.7 39 42a3 3 0 0 0-4.2 0l-5.9 6a3 3 0 0 0 0 4.2l8.8 8.8 5.8 5.8a3 3 0 0 0 4.2 0l23.4-23.3a3 3 0 0 0 0-4.3l-5.9-5.8a3 3 0 0 0-2-.9z"
          />
        </svg>
        <h3
          className="text-center grey"
        >
          Safe
        </h3>
        <p
          className="text-center"
        >
          without compromises
        </p>
      </div>
      <div
        className="flex flex-col items-center justify-center m-8 bg-grey rounded how-card-cont"
      >
        <svg
          height="100%"
          viewBox="0 0 100 100"
          width="100%"
        >
          <path
            d="M49.876,33.14c2.979,0,5.401-2.423,5.401-5.401s-2.423-5.402-5.401-5.402s-5.401,2.423-5.401,5.402 S46.897,33.14,49.876,33.14z M49.045,24.451c0.104,0.441,0.482,0.775,0.955,0.775c1.385,0,2.512,1.127,2.512,2.512 S51.385,30.25,50,30.25c-0.473,0-0.85,0.334-0.955,0.775c-1.473-0.373-2.571-1.699-2.571-3.287 C46.475,26.15,47.572,24.824,49.045,24.451z"
          />
          <path
            d="M53.822,39.208c0-2.176-1.771-3.946-3.946-3.946s-3.946,1.771-3.946,3.946s1.771,3.946,3.946,3.946 S53.822,41.384,53.822,39.208z M47.93,39.208c0-0.889,0.603-1.633,1.419-1.864c0.118,0.42,0.488,0.735,0.946,0.735 c0.623,0,1.13,0.507,1.13,1.13c0,0.623-0.507,1.129-1.13,1.129c-0.459,0-0.828,0.315-0.947,0.735 C48.532,40.841,47.93,40.097,47.93,39.208z"
          />
          <path
            d="M50.876,62.793v-5.223h3.438l8.759,6.417v-18.01l-4.769-1.837c0.275-2.748,0.422-5.661,0.422-8.655 c0-14.802-7.688-26.621-8.016-27.116l-0.835-1.265l-0.835,1.265c-0.327,0.496-8.016,12.314-8.016,27.116 c0,2.993,0.147,5.904,0.422,8.65l-4.77,1.838v18.01l8.753-6.412h3.447v5.223H50.876z M61.073,47.351v12.692l-5.229-3.83 c0.981-2.767,1.738-6.193,2.228-10.018L61.073,47.351z M49.876,10.87c0.776,1.373,1.987,3.701,3.177,6.692h-6.354 C47.889,14.571,49.1,12.242,49.876,10.87z M38.677,47.346l3.003-1.157c0.49,3.825,1.246,7.251,2.227,10.018l-5.23,3.831V47.346z M45.799,55.571c-1.767-4.963-2.773-12.226-2.773-20.085c0-5.978,1.354-11.506,2.923-15.923h7.854 c1.57,4.417,2.923,9.945,2.923,15.923c0,7.859-1.007,15.122-2.773,20.085h-3.077V44.208h-2v11.362H45.799z"
          />
          <path
            d="M76.203,79.707c-1.628,0-3.219,0.478-4.574,1.359c-0.314-0.342-0.656-0.658-1.024-0.944 c-1.105-3.446-4.337-5.824-7.979-5.824c-1.058,0-2.091,0.199-3.077,0.591c-1.537-0.827-2.336-1.36-2.886-3.677 c-0.657-2.773-0.645-9.356-0.645-9.423c0.001-0.266-0.116-0.521-0.304-0.709c-0.392-0.393-1.11-0.369-1.474,0.048 c-0.454,0.52-0.989,0.963-1.589,1.316c-0.25,0.147-0.421,0.394-0.475,0.672c-0.245-0.148-0.545-0.183-0.819-0.097 c-0.339,0.108-0.694,0.188-1.056,0.237c-0.259,0.036-0.482,0.167-0.638,0.356c-0.167-0.177-0.398-0.292-0.659-0.31 c-0.353-0.023-0.708-0.078-1.057-0.161c-0.27-0.065-0.552-0.014-0.779,0.135c-0.082-0.255-0.265-0.472-0.515-0.593 c-0.529-0.258-1.019-0.584-1.453-0.97c-0.304-0.27-0.742-0.328-1.104-0.148c-0.364,0.179-0.584,0.561-0.557,0.966 c0.111,1.589,0.265,5.592-0.686,8.446c-0.892,2.671-1.933,4.29-2.402,4.938c-0.298,0.005-0.659,0.011-0.844,0.011 c-3.964,0-7.294,2.74-8.159,6.472c-2.166-0.958-4.772-0.939-6.95,0.083c-0.524-0.112-1.048-0.169-1.562-0.169 c-4.151,0-7.528,3.377-7.528,7.527c0,0.475,0.046,0.955,0.137,1.428c0.091,0.471,0.503,0.811,0.982,0.811H82.96 c0.396,0,0.754-0.233,0.914-0.595c0.476-1.074,0.717-2.214,0.717-3.39C84.591,83.47,80.828,79.707,76.203,79.707z M82.274,90.08 h-64.86c-0.003-0.08-0.005-0.159-0.005-0.239c0-3.511,3.309-6.3,6.953-5.334c0.241,0.063,0.502,0.035,0.724-0.082 c0.298-0.158,0.609-0.282,0.925-0.388c-0.56,0.523-0.985,1.176-1.207,1.929c-0.156,0.53,0.146,1.086,0.676,1.243 c0.531,0.156,1.085-0.146,1.242-0.675c0.178-0.602,0.579-1.099,1.131-1.398c0.553-0.3,1.187-0.368,1.788-0.189 c1.242,0.368,1.954,1.677,1.587,2.919c-0.156,0.53,0.146,1.086,0.676,1.243c0.095,0.028,0.189,0.042,0.283,0.042 c0.432,0,0.83-0.282,0.959-0.717c0.368-1.246,0.135-2.519-0.507-3.541c0.015-0.006,0.03-0.008,0.045-0.015 c0.325-0.162,0.537-0.487,0.554-0.85c0.154-3.419,2.953-6.098,6.372-6.098c0.356,0,1.36-0.02,1.36-0.02 c0.278-0.006,0.542-0.127,0.728-0.336c0.069-0.079,1.726-1.972,3.056-5.96c0.578-1.736,0.794-3.803,0.853-5.603 c0.32,0.398,0.813,0.653,1.362,0.653c0.549,0,1.039-0.254,1.36-0.651c0.321,0.396,0.812,0.651,1.36,0.651s1.04-0.254,1.361-0.651 c0.32,0.397,0.812,0.651,1.36,0.651c0.793,0,1.465-0.531,1.679-1.256c0.08,2.125,0.255,4.693,0.629,6.269 c0.787,3.323,2.271,4.116,4.149,5.12l0.162,0.086c0.278,0.149,0.61,0.159,0.896,0.024c0.859-0.402,1.768-0.606,2.7-0.606 c2.666,0,5.024,1.684,5.951,4.145c-0.644-0.112-1.306-0.094-1.95,0.095c-2.303,0.67-3.631,3.089-2.961,5.391 c0.127,0.437,0.526,0.721,0.96,0.721c0.092,0,0.187-0.013,0.279-0.041c0.53-0.154,0.835-0.709,0.681-1.239 c-0.361-1.244,0.356-2.55,1.6-2.913c0.603-0.175,1.237-0.106,1.788,0.197c0.55,0.302,0.949,0.8,1.125,1.403 c0.153,0.529,0.702,0.833,1.239,0.681c0.53-0.154,0.835-0.709,0.681-1.24c-0.021-0.073-0.059-0.137-0.083-0.208 c0.055-0.031,0.117-0.048,0.165-0.089c1.149-0.964,2.606-1.496,4.104-1.496c3.522,0,6.388,2.866,6.388,6.388 C82.591,88.776,82.484,89.441,82.274,90.08z"
          />
        </svg>
        <h3
          className="text-center grey"
        >
          Fast
        </h3>
        <p
          className="text-center"
        >
          designed for speed
        </p>
      </div>
    </div>
  </section>
  <section
    id="about-section"
  >
    <h2
      className="text-4xl pt-6 text-center"
    >
      About
    </h2>
    <blockquote
      className="text-xl pt-4 text-center italic font-thin"
    >
      "A streamlined system for efficiently and accurately managing retail inventory."
    </blockquote>
    <p
      className="text-lg leading-normal p-4 about-copy lp-max-width"
    >
      That sounds great and all, but what does that mean exactly? Imagine for a moment that you are in a retail setting. When shipments of products come into your store, they will be accompanied by a manifest that notates exactly what products and how many of them were put onto the trailer when it left the distribution center. It is the job of one employee to verify everything listed on the manifest actually makes it to the store, not an easy or quick task by any means.
      <br />
      <br />
      The previous workflow (at least at Best Buy) for counting all of these products involved printing out a copy of the aforementioned manifest, then tallying up the products one by one. Sounds monotonous and error prone right? That's where Quantified comes in to save the day by bearing the responsibility of accounting for everything.
      <br />
      <br />
      Instead of manually counting each product, Quantified allows the user to simply scan the bar code of the product and automatically populates all of its relevant information into a row in a table. From there, after everything has been scanned, the table can be formatted to mirror the manifest and printed for seamless comparison with the manifest for the final verification.
      <br />
      <br />
      Additionally, Quantified is built with battle tested and industry leading technology as well as the Best Buy API. All together this yields unmatched dependability, speed, and security.
    </p>
  </section>
  <footer
    className="bg-bby-blue"
  >
    <ul
      className="flex flex-col justify-center items-center list-reset no-underline"
    >
      <li
        className="py-3"
      >
        <Link
          className="no-underline text-white font-semibold hover:underline"
          replace={false}
          to="/sign-up"
        >
          Start here
        </Link>
      </li>
      <li
        className="py-3"
      >
        <Link
          className="no-underline text-white font-semibold hover:underline"
          replace={false}
          to="/sign-in"
        >
          Sign in
        </Link>
      </li>
      <li
        className="py-3"
      >
        <a
          className="no-underline text-white font-semibold hover:underline"
          href="https://developer.bestbuy.com/api-status"
          target="_blank"
        >
          Official Best Buy API Status
        </a>
      </li>
      <li
        className="py-3"
      >
        <a
          className="no-underline text-white font-semibold hover:underline"
          href="https://github.com/chrstntdd"
          target="_blank"
        >
          Created by Christian Todd
        </a>
      </li>
    </ul>
  </footer>
</div>
`;
